main ()
{
    int totoi, ksdf, sflksdflk, sdflksdfl, sdflksdjflk, lksdflksd, skldfl
        , skdfj, lksdfjlksd, lkjlk, lkjlkj, lskdjfl = lskdjflsdk, lksdf
        , slkdfj = lksdflk ;
    int titi ;           /* la variable titi */ 
    int lskflskdfsldkf ; /* la variable suivante */ 
    int i, j, k ;
    int fifi ;           /* comment sur fifi */ 
}
