main ()
{
    int i ;
    
    printf("ok");
  i = i + 5 + k + l + m + n + p + q + r + s + t + u + v
    + w * a * b * c * d * e * f * g * h * i * j * k * l * e * f * g * h
        * i * j * k * l
    + w * a * b * c * d * e * f * g * h * i * j * k * l
    + w * a * b * c * d * e * f * g * h * i * j * k * l
    + w * a * b * c * d * e * f * g * h * i * j * k * l + x + y + z + k
    + l + m + n + p + q + r + s + t + u + v + w + x + y + z + k + l + m
    + n + p + q + r + s + t + u + v + w + x + y + z + k + l + m + n + p
    + q + r + s + t + u + v + w + x + y + z ;
    i = i * i * i * i * i * i * i * i * i * i * i * i * i * i * i * i * i
        * i * i * i * i * i * i * i * i * i * i * i * i * i * i * i * i
        * i * i * i * i * i * i * i * i * i * i * i * i * i * i * i * i
        * i * i * i * i * i * i * i * i * i * i ;
}
