main ()
{
    alskdfjklsd
        = aslkdf
            + akdflk
                * ffifi(asfdk, aklsdf, alkdf, aklsjf
                    , aklsdjf + lksdlkfjsd + lskjfl + lskflksdfj
                        + lksdjflskdf + lskdflsdkf + lskflksdf
                        + lksdfjlksdf + lksdflksdjf
                    , akldfj, alkdj, alskdfj, akldj, aklsd, aklsd, akds
                    , aklsdj, alsdk);
}
