main ()
{
  for ( toto(
            "ffffffffffffffffffffffffffffffffffffffffffffffffffffffffffffffffffff") ; 
        slkdfjskfjlks < slkdfjsdlkf && sldkfjsdlfkjds < ljljlggfkj ; 
        lksdfksdf = lsdkjflsdkfj = lskdfjlkdsfj = slkdfsldkfj ) {
    j++ ;
  }
    for ( i = skldfj = slkdflsdkfj
                , sldkflsdf = lsdkfjlsdkfj = sldkfjlsdkfj = lskdfldskjf ; 
            slkdfjskfjlks < slkdfjsdlkf
                && sldkfjsdlfkjds > lskdfjsldkfj
                && slkdfjskfjlks < slkdfjsdlkf
                && sldkfjsdlfkjds > lskdfjsldkfj ; 
            i++, sldkfsdlkf = sldkfjlsdfj = lskdjflsdkjf = slkdfjlkdsjf
                = lskdfsdklfj ) {
        i++ ;
    }
    for ( i = skldfj = slkdflsdkfj
                , sldkflsdf = lsdkfjlsdkfj = sldkfjlsdkfj = lskdfldskjf ; 
            slkdfjskfjlks < slkdfjsdlkf
                && sldkfjsdlfkjds > lskdfjsldkfj
                && slkdfjskfjlks < slkdfjsdlkf
                && sldkfjsdlfkjds > lskdfjsldkfj ; 
            isdkflkd
                , sldkfsdlkf = sldkfjlsdfj = lskdjflsdkjf = slkdfjlkdsjf
                    = lskdfsdklfj ) {
        i++ ;
    }
    for ( i = skldfj = slkdflsdkfj
                , sldkflsdf = lsdkfjlsdkfj = sldkfjlsdkfj = lskdfldskjf ; 
            slkdfjskfjlks < slkdfjsdlkf
                && sldkfjsdlfkjds > lskdfjsldkfj
                && slkdfjskfjlks < slkdfjsdlkf
                && sldkfjsdlfkjds > lskdfjsldkfj ; 
            i++ ) {
        i++ ;
    }
    for ( i = 0 ; 
            slkdfjskfjlks < slkdfjsdlkf && sldkfjsdlfkjds < ljljlggfkj ; 
            lksdfksdf = lsdkjflsdkfj = lskdfjlkdsfj = slkdfsldkfj ) {
        j++ ;
    }
}
