main ()
{
    if ( slkdjf && lskdfjlskdf + sdlfkj + slkdf + skldfj + lsdfj + lsdjf
                        + sldfkdsf * tuorutoi * lskdjfl * lksdjfl
                            * lskdjfl
                        + fonct(slkdfj, sdklf, lksdf, skldfj, skldfj
                                , slkdf, slkdfj, skfj, skldfj)
                            * sdfjlsd * lskdf * lksdjf * lsdkfj * lsjdf
                            * lsdkjf * lksjdf * lkjsf * lskdjf
                    == 0
                && sldkfskdlfj
                && skdflksdfj
                && lskdfsldkfj
                && lskdjflksdfj
                && lskdfslkdfj
                && (lskjflskdfj
                        || slkdf
                        || lksdflksjdflksdfj
                        || lskdjflskdjf
                        || kdsflksdf
                        || skdflksdfj
                        || slkdfjlskdjf
                        || ksdfjlksd && sdlkjfsdklf)
                && lskjflskdfj
            || slkdf
            || lksdflksjdflksdfj
            || lskdjflskdjf
            || kdsflksdf
            || skdflksdfj
            || slkdfjlskdjf
            || ksdfjlksd && sdlkjfsdklf && slkjdflskdjf ) 
        a = b ;
    if ( lsafjksdflk
            && slkdjflskdjf
            && sldkjflskdfj
            && lskdjflskdf
            && slfjlksfj
            && sdlfkjsld
            && klsdfkl ) 
        b = c ;
    a = fifi(askdfj, aksdf, lakjdf, aksdjf, akldsjf, aklsdjf, adlkfj
        , slkdfj, lkad, aksld, aksdj, akdklk);
}
