araz.c

Reading c.set ...
 Done

 C++ prettyPrinter version 2.0, CopyRight(C) 1989-95 Eric Lavillonniere 
 C++ prettyPrinter comes with ABSOLUTELY NO WARRANTY.
 This is free software, and you are welcome to redistribute it 
 under certain conditions.
 For details see file COPYING in C++ prettyPrinter directory.


case.c

Reading c.set ...
 Done

 C++ prettyPrinter version 2.0, CopyRight(C) 1989-95 Eric Lavillonniere 
 C++ prettyPrinter comes with ABSOLUTELY NO WARRANTY.
 This is free software, and you are welcome to redistribute it 
 under certain conditions.
 For details see file COPYING in C++ prettyPrinter directory.


concert.c

Reading c.set ...
 Done

 C++ prettyPrinter version 2.0, CopyRight(C) 1989-95 Eric Lavillonniere 
 C++ prettyPrinter comes with ABSOLUTELY NO WARRANTY.
 This is free software, and you are welcome to redistribute it 
 under certain conditions.
 For details see file COPYING in C++ prettyPrinter directory.


dec.c

Reading c.set ...
 Done

 C++ prettyPrinter version 2.0, CopyRight(C) 1989-95 Eric Lavillonniere 
 C++ prettyPrinter comes with ABSOLUTELY NO WARRANTY.
 This is free software, and you are welcome to redistribute it 
 under certain conditions.
 For details see file COPYING in C++ prettyPrinter directory.


dec1.c

Reading c.set ...
 Done

 C++ prettyPrinter version 2.0, CopyRight(C) 1989-95 Eric Lavillonniere 
 C++ prettyPrinter comes with ABSOLUTELY NO WARRANTY.
 This is free software, and you are welcome to redistribute it 
 under certain conditions.
 For details see file COPYING in C++ prettyPrinter directory.


dec2.c

Reading c.set ...
 Done

 C++ prettyPrinter version 2.0, CopyRight(C) 1989-95 Eric Lavillonniere 
 C++ prettyPrinter comes with ABSOLUTELY NO WARRANTY.
 This is free software, and you are welcome to redistribute it 
 under certain conditions.
 For details see file COPYING in C++ prettyPrinter directory.


decl.c

Reading c.set ...
 Done

 C++ prettyPrinter version 2.0, CopyRight(C) 1989-95 Eric Lavillonniere 
 C++ prettyPrinter comes with ABSOLUTELY NO WARRANTY.
 This is free software, and you are welcome to redistribute it 
 under certain conditions.
 For details see file COPYING in C++ prettyPrinter directory.


declar.c

Reading c.set ...
 Done

 C++ prettyPrinter version 2.0, CopyRight(C) 1989-95 Eric Lavillonniere 
 C++ prettyPrinter comes with ABSOLUTELY NO WARRANTY.
 This is free software, and you are welcome to redistribute it 
 under certain conditions.
 For details see file COPYING in C++ prettyPrinter directory.


eless.c

Reading c.set ...
 Done

 C++ prettyPrinter version 2.0, CopyRight(C) 1989-95 Eric Lavillonniere 
 C++ prettyPrinter comes with ABSOLUTELY NO WARRANTY.
 This is free software, and you are welcome to redistribute it 
 under certain conditions.
 For details see file COPYING in C++ prettyPrinter directory.


elessai.c

Reading c.set ...
 Done

 C++ prettyPrinter version 2.0, CopyRight(C) 1989-95 Eric Lavillonniere 
 C++ prettyPrinter comes with ABSOLUTELY NO WARRANTY.
 This is free software, and you are welcome to redistribute it 
 under certain conditions.
 For details see file COPYING in C++ prettyPrinter directory.


elmain.c

Reading c.set ...
 Done

 C++ prettyPrinter version 2.0, CopyRight(C) 1989-95 Eric Lavillonniere 
 C++ prettyPrinter comes with ABSOLUTELY NO WARRANTY.
 This is free software, and you are welcome to redistribute it 
 under certain conditions.
 For details see file COPYING in C++ prettyPrinter directory.


er.c

Reading c.set ...
 Done

 C++ prettyPrinter version 2.0, CopyRight(C) 1989-95 Eric Lavillonniere 
 C++ prettyPrinter comes with ABSOLUTELY NO WARRANTY.
 This is free software, and you are welcome to redistribute it 
 under certain conditions.
 For details see file COPYING in C++ prettyPrinter directory.


er1.c

Reading c.set ...
 Done

 C++ prettyPrinter version 2.0, CopyRight(C) 1989-95 Eric Lavillonniere 
 C++ prettyPrinter comes with ABSOLUTELY NO WARRANTY.
 This is free software, and you are welcome to redistribute it 
 under certain conditions.
 For details see file COPYING in C++ prettyPrinter directory.


ess.c

Reading c.set ...
 Done

 C++ prettyPrinter version 2.0, CopyRight(C) 1989-95 Eric Lavillonniere 
 C++ prettyPrinter comes with ABSOLUTELY NO WARRANTY.
 This is free software, and you are welcome to redistribute it 
 under certain conditions.
 For details see file COPYING in C++ prettyPrinter directory.


essai.c

Reading c.set ...
 Done

 C++ prettyPrinter version 2.0, CopyRight(C) 1989-95 Eric Lavillonniere 
 C++ prettyPrinter comes with ABSOLUTELY NO WARRANTY.
 This is free software, and you are welcome to redistribute it 
 under certain conditions.
 For details see file COPYING in C++ prettyPrinter directory.


fa.c

Reading c.set ...
 Done

 C++ prettyPrinter version 2.0, CopyRight(C) 1989-95 Eric Lavillonniere 
 C++ prettyPrinter comes with ABSOLUTELY NO WARRANTY.
 This is free software, and you are welcome to redistribute it 
 under certain conditions.
 For details see file COPYING in C++ prettyPrinter directory.


ff.c

Reading c.set ...
 Done

 C++ prettyPrinter version 2.0, CopyRight(C) 1989-95 Eric Lavillonniere 
 C++ prettyPrinter comes with ABSOLUTELY NO WARRANTY.
 This is free software, and you are welcome to redistribute it 
 under certain conditions.
 For details see file COPYING in C++ prettyPrinter directory.


ffu.c

Reading c.set ...
 Done

 C++ prettyPrinter version 2.0, CopyRight(C) 1989-95 Eric Lavillonniere 
 C++ prettyPrinter comes with ABSOLUTELY NO WARRANTY.
 This is free software, and you are welcome to redistribute it 
 under certain conditions.
 For details see file COPYING in C++ prettyPrinter directory.


fi.c

Reading c.set ...
 Done

 C++ prettyPrinter version 2.0, CopyRight(C) 1989-95 Eric Lavillonniere 
 C++ prettyPrinter comes with ABSOLUTELY NO WARRANTY.
 This is free software, and you are welcome to redistribute it 
 under certain conditions.
 For details see file COPYING in C++ prettyPrinter directory.


fifi.c

Reading c.set ...
 Done

 C++ prettyPrinter version 2.0, CopyRight(C) 1989-95 Eric Lavillonniere 
 C++ prettyPrinter comes with ABSOLUTELY NO WARRANTY.
 This is free software, and you are welcome to redistribute it 
 under certain conditions.
 For details see file COPYING in C++ prettyPrinter directory.


fo.c

Reading c.set ...
 Done

 C++ prettyPrinter version 2.0, CopyRight(C) 1989-95 Eric Lavillonniere 
 C++ prettyPrinter comes with ABSOLUTELY NO WARRANTY.
 This is free software, and you are welcome to redistribute it 
 under certain conditions.
 For details see file COPYING in C++ prettyPrinter directory.


fofo.c

Reading c.set ...
 Done

 C++ prettyPrinter version 2.0, CopyRight(C) 1989-95 Eric Lavillonniere 
 C++ prettyPrinter comes with ABSOLUTELY NO WARRANTY.
 This is free software, and you are welcome to redistribute it 
 under certain conditions.
 For details see file COPYING in C++ prettyPrinter directory.


fu.c

Reading c.set ...
 Done

 C++ prettyPrinter version 2.0, CopyRight(C) 1989-95 Eric Lavillonniere 
 C++ prettyPrinter comes with ABSOLUTELY NO WARRANTY.
 This is free software, and you are welcome to redistribute it 
 under certain conditions.
 For details see file COPYING in C++ prettyPrinter directory.


func.c

Reading c.set ...
 Done

 C++ prettyPrinter version 2.0, CopyRight(C) 1989-95 Eric Lavillonniere 
 C++ prettyPrinter comes with ABSOLUTELY NO WARRANTY.
 This is free software, and you are welcome to redistribute it 
 under certain conditions.
 For details see file COPYING in C++ prettyPrinter directory.


fy.c

Reading c.set ...
 Done

 C++ prettyPrinter version 2.0, CopyRight(C) 1989-95 Eric Lavillonniere 
 C++ prettyPrinter comes with ABSOLUTELY NO WARRANTY.
 This is free software, and you are welcome to redistribute it 
 under certain conditions.
 For details see file COPYING in C++ prettyPrinter directory.


oo.c

Reading c.set ...
 Done

 C++ prettyPrinter version 2.0, CopyRight(C) 1989-95 Eric Lavillonniere 
 C++ prettyPrinter comes with ABSOLUTELY NO WARRANTY.
 This is free software, and you are welcome to redistribute it 
 under certain conditions.
 For details see file COPYING in C++ prettyPrinter directory.


re.c

Reading c.set ...
 Done

 C++ prettyPrinter version 2.0, CopyRight(C) 1989-95 Eric Lavillonniere 
 C++ prettyPrinter comes with ABSOLUTELY NO WARRANTY.
 This is free software, and you are welcome to redistribute it 
 under certain conditions.
 For details see file COPYING in C++ prettyPrinter directory.


ref.c

Reading c.set ...
 Done

 C++ prettyPrinter version 2.0, CopyRight(C) 1989-95 Eric Lavillonniere 
 C++ prettyPrinter comes with ABSOLUTELY NO WARRANTY.
 This is free software, and you are welcome to redistribute it 
 under certain conditions.
 For details see file COPYING in C++ prettyPrinter directory.


rfu.c

Reading c.set ...
 Done

 C++ prettyPrinter version 2.0, CopyRight(C) 1989-95 Eric Lavillonniere 
 C++ prettyPrinter comes with ABSOLUTELY NO WARRANTY.
 This is free software, and you are welcome to redistribute it 
 under certain conditions.
 For details see file COPYING in C++ prettyPrinter directory.


rifi.c

Reading c.set ...
 Done

 C++ prettyPrinter version 2.0, CopyRight(C) 1989-95 Eric Lavillonniere 
 C++ prettyPrinter comes with ABSOLUTELY NO WARRANTY.
 This is free software, and you are welcome to redistribute it 
 under certain conditions.
 For details see file COPYING in C++ prettyPrinter directory.


rref.c

Reading c.set ...
 Done

 C++ prettyPrinter version 2.0, CopyRight(C) 1989-95 Eric Lavillonniere 
 C++ prettyPrinter comes with ABSOLUTELY NO WARRANTY.
 This is free software, and you are welcome to redistribute it 
 under certain conditions.
 For details see file COPYING in C++ prettyPrinter directory.


ru.c

Reading c.set ...
 Done

 C++ prettyPrinter version 2.0, CopyRight(C) 1989-95 Eric Lavillonniere 
 C++ prettyPrinter comes with ABSOLUTELY NO WARRANTY.
 This is free software, and you are welcome to redistribute it 
 under certain conditions.
 For details see file COPYING in C++ prettyPrinter directory.


ta.c

Reading c.set ...
 Done

 C++ prettyPrinter version 2.0, CopyRight(C) 1989-95 Eric Lavillonniere 
 C++ prettyPrinter comes with ABSOLUTELY NO WARRANTY.
 This is free software, and you are welcome to redistribute it 
 under certain conditions.
 For details see file COPYING in C++ prettyPrinter directory.


tans1.c

Reading c.set ...
 Done
 Unexpected "_far "  at line 8  instead of (

te.c

Reading c.set ...
 Done

 C++ prettyPrinter version 2.0, CopyRight(C) 1989-95 Eric Lavillonniere 
 C++ prettyPrinter comes with ABSOLUTELY NO WARRANTY.
 This is free software, and you are welcome to redistribute it 
 under certain conditions.
 For details see file COPYING in C++ prettyPrinter directory.


test.c

Reading c.set ...
 Done

 C++ prettyPrinter version 2.0, CopyRight(C) 1989-95 Eric Lavillonniere 
 C++ prettyPrinter comes with ABSOLUTELY NO WARRANTY.
 This is free software, and you are welcome to redistribute it 
 under certain conditions.
 For details see file COPYING in C++ prettyPrinter directory.


test1.c

Reading c.set ...
 Done
 Bad cast_expression_value at line 180 

teststat.c

Reading c.set ...
 Done

 C++ prettyPrinter version 2.0, CopyRight(C) 1989-95 Eric Lavillonniere 
 C++ prettyPrinter comes with ABSOLUTELY NO WARRANTY.
 This is free software, and you are welcome to redistribute it 
 under certain conditions.
 For details see file COPYING in C++ prettyPrinter directory.


toto.c

Reading c.set ...
 Done

 C++ prettyPrinter version 2.0, CopyRight(C) 1989-95 Eric Lavillonniere 
 C++ prettyPrinter comes with ABSOLUTELY NO WARRANTY.
 This is free software, and you are welcome to redistribute it 
 under certain conditions.
 For details see file COPYING in C++ prettyPrinter directory.


tref.c

Reading c.set ...
 Done

 C++ prettyPrinter version 2.0, CopyRight(C) 1989-95 Eric Lavillonniere 
 C++ prettyPrinter comes with ABSOLUTELY NO WARRANTY.
 This is free software, and you are welcome to redistribute it 
 under certain conditions.
 For details see file COPYING in C++ prettyPrinter directory.


try.c

Reading c.set ...
 Done

 C++ prettyPrinter version 2.0, CopyRight(C) 1989-95 Eric Lavillonniere 
 C++ prettyPrinter comes with ABSOLUTELY NO WARRANTY.
 This is free software, and you are welcome to redistribute it 
 under certain conditions.
 For details see file COPYING in C++ prettyPrinter directory.


tstruct.c

Reading c.set ...
 Done

 C++ prettyPrinter version 2.0, CopyRight(C) 1989-95 Eric Lavillonniere 
 C++ prettyPrinter comes with ABSOLUTELY NO WARRANTY.
 This is free software, and you are welcome to redistribute it 
 under certain conditions.
 For details see file COPYING in C++ prettyPrinter directory.


tu.c

Reading c.set ...
 Done

 C++ prettyPrinter version 2.0, CopyRight(C) 1989-95 Eric Lavillonniere 
 C++ prettyPrinter comes with ABSOLUTELY NO WARRANTY.
 This is free software, and you are welcome to redistribute it 
 under certain conditions.
 For details see file COPYING in C++ prettyPrinter directory.


tw.c

Reading c.set ...
 Done

 C++ prettyPrinter version 2.0, CopyRight(C) 1989-95 Eric Lavillonniere 
 C++ prettyPrinter comes with ABSOLUTELY NO WARRANTY.
 This is free software, and you are welcome to redistribute it 
 under certain conditions.
 For details see file COPYING in C++ prettyPrinter directory.


twi.c

Reading c.set ...
 Done

 C++ prettyPrinter version 2.0, CopyRight(C) 1989-95 Eric Lavillonniere 
 C++ prettyPrinter comes with ABSOLUTELY NO WARRANTY.
 This is free software, and you are welcome to redistribute it 
 under certain conditions.
 For details see file COPYING in C++ prettyPrinter directory.


ty.c

Reading c.set ...
 Done

 C++ prettyPrinter version 2.0, CopyRight(C) 1989-95 Eric Lavillonniere 
 C++ prettyPrinter comes with ABSOLUTELY NO WARRANTY.
 This is free software, and you are welcome to redistribute it 
 under certain conditions.
 For details see file COPYING in C++ prettyPrinter directory.


typedef.c

Reading c.set ...
 Done

 C++ prettyPrinter version 2.0, CopyRight(C) 1989-95 Eric Lavillonniere 
 C++ prettyPrinter comes with ABSOLUTELY NO WARRANTY.
 This is free software, and you are welcome to redistribute it 
 under certain conditions.
 For details see file COPYING in C++ prettyPrinter directory.


tz.c

Reading c.set ...
 Done

 C++ prettyPrinter version 2.0, CopyRight(C) 1989-95 Eric Lavillonniere 
 C++ prettyPrinter comes with ABSOLUTELY NO WARRANTY.
 This is free software, and you are welcome to redistribute it 
 under certain conditions.
 For details see file COPYING in C++ prettyPrinter directory.


yy.c

Reading c.set ...
 Done

 C++ prettyPrinter version 2.0, CopyRight(C) 1989-95 Eric Lavillonniere 
 C++ prettyPrinter comes with ABSOLUTELY NO WARRANTY.
 This is free software, and you are welcome to redistribute it 
 under certain conditions.
 For details see file COPYING in C++ prettyPrinter directory.


yyy.c

Reading c.set ...
 Done

 C++ prettyPrinter version 2.0, CopyRight(C) 1989-95 Eric Lavillonniere 
 C++ prettyPrinter comes with ABSOLUTELY NO WARRANTY.
 This is free software, and you are welcome to redistribute it 
 under certain conditions.
 For details see file COPYING in C++ prettyPrinter directory.


zz.c

Reading c.set ...
 Done

 C++ prettyPrinter version 2.0, CopyRight(C) 1989-95 Eric Lavillonniere 
 C++ prettyPrinter comes with ABSOLUTELY NO WARRANTY.
 This is free software, and you are welcome to redistribute it 
 under certain conditions.
 For details see file COPYING in C++ prettyPrinter directory.


zzz.c

Reading c.set ...
 Done

 C++ prettyPrinter version 2.0, CopyRight(C) 1989-95 Eric Lavillonniere 
 C++ prettyPrinter comes with ABSOLUTELY NO WARRANTY.
 This is free software, and you are welcome to redistribute it 
 under certain conditions.
 For details see file COPYING in C++ prettyPrinter directory.


